
> vaultbank@1.0.0 build
> cd client && npm run build


> client@0.1.0 build
> craco build

node:internal/modules/cjs/loader:1225
  const err = new Error(message);
              ^

Error: Cannot find module 'ajv/dist/compile/codegen'
Require stack:
- C:\Users\cr7\Desktop\vaultbank\client\node_modules\ajv-keywords\dist\definitions\typeof.js
- C:\Users\cr7\Desktop\vaultbank\client\node_modules\ajv-keywords\dist\keywords\typeof.js
- C:\Users\cr7\Desktop\vaultbank\client\node_modules\ajv-keywords\dist\keywords\index.js
- C:\Users\cr7\Desktop\vaultbank\client\node_modules\ajv-keywords\dist\index.js
- C:\Users\cr7\Desktop\vaultbank\client\node_modules\schema-utils\dist\validate.js
- C:\Users\cr7\Desktop\vaultbank\client\node_modules\schema-utils\dist\index.js
- C:\Users\cr7\Desktop\vaultbank\client\node_modules\terser-webpack-plugin\dist\index.js
- C:\Users\cr7\Desktop\vaultbank\client\node_modules\react-scripts\config\webpack.config.js
- C:\Users\cr7\Desktop\vaultbank\client\node_modules\@craco\craco\dist\lib\cra.js
- C:\Users\cr7\Desktop\vaultbank\client\node_modules\@craco\craco\dist\scripts\build.js
    at Function._resolveFilename (node:internal/modules/cjs/loader:1225:15)
    at Function._load (node:internal/modules/cjs/loader:1055:27)
    at TracingChannel.traceSync (node:diagnostics_channel:322:14)
    at wrapModuleLoad (node:internal/modules/cjs/loader:220:24)
    at Module.require (node:internal/modules/cjs/loader:1311:12)
    at require (node:internal/modules/helpers:136:16)
    at Object.<anonymous> (C:\Users\cr7\Desktop\vaultbank\client\node_modules\ajv-keywords\dist\definitions\typeof.js:3:19)
    at Module._compile (node:internal/modules/cjs/loader:1554:14)
    at Object..js (node:internal/modules/cjs/loader:1706:10)
    at Module.load (node:internal/modules/cjs/loader:1289:32) {
  code: 'MODULE_NOT_FOUND',
  requireStack: [
    'C:\\Users\\cr7\\Desktop\\vaultbank\\client\\node_modules\\ajv-keywords\\dist\\definitions\\typeof.js',
    'C:\\Users\\cr7\\Desktop\\vaultbank\\client\\node_modules\\ajv-keywords\\dist\\keywords\\typeof.js',
    'C:\\Users\\cr7\\Desktop\\vaultbank\\client\\node_modules\\ajv-keywords\\dist\\keywords\\index.js',
    'C:\\Users\\cr7\\Desktop\\vaultbank\\client\\node_modules\\ajv-keywords\\dist\\index.js',
    'C:\\Users\\cr7\\Desktop\\vaultbank\\client\\node_modules\\schema-utils\\dist\\validate.js',
    'C:\\Users\\cr7\\Desktop\\vaultbank\\client\\node_modules\\schema-utils\\dist\\index.js',
    'C:\\Users\\cr7\\Desktop\\vaultbank\\client\\node_modules\\terser-webpack-plugin\\dist\\index.js',
    'C:\\Users\\cr7\\Desktop\\vaultbank\\client\\node_modules\\react-scripts\\config\\webpack.config.js',
    'C:\\Users\\cr7\\Desktop\\vaultbank\\client\\node_modules\\@craco\\craco\\dist\\lib\\cra.js',
    'C:\\Users\\cr7\\Desktop\\vaultbank\\client\\node_modules\\@craco\\craco\\dist\\scripts\\build.js'
  ]
}

Node.js v22.14.0
