=== START DIAGNOSE 20260528T162751Z ===
Node: v22.14.0
NPM: 10.9.2
Yarn: missing
OS: MINGW64_NT-10.0-19045 DESKTOP-UJJKETL 3.6.5-22c95533.x86_64 2025-10-10 12:02 UTC x86_64 Msys
Running clean install...
npm warn EBADENGINE Unsupported engine {
npm warn EBADENGINE   package: 'vaultbank@1.0.0',
npm warn EBADENGINE   required: { node: '24.x' },
npm warn EBADENGINE   current: { node: 'v22.14.0', npm: '10.9.2' }
npm warn EBADENGINE }

added 29 packages, and audited 30 packages in 51s

7 packages are looking for funding
  run `npm fund` for details

found 0 vulnerabilities
Running build...
Scanning logs for common errors...
Primary build failed (exit 1). Attempting craco fix...
Detected craco issue. Reinstalling @craco/craco and retrying build...
npm warn EBADENGINE Unsupported engine {
npm warn EBADENGINE   package: 'vaultbank@1.0.0',
npm warn EBADENGINE   required: { node: '24.x' },
npm warn EBADENGINE   current: { node: 'v22.14.0', npm: '10.9.2' }
npm warn EBADENGINE }

added 60 packages, and audited 90 packages in 13s

14 packages are looking for funding
  run `npm fund` for details

found 0 vulnerabilities
npm warn EBADENGINE Unsupported engine {
npm warn EBADENGINE   package: 'vaultbank@1.0.0',
npm warn EBADENGINE   required: { node: '24.x' },
npm warn EBADENGINE   current: { node: 'v22.14.0', npm: '10.9.2' }
npm warn EBADENGINE }

added 29 packages, and audited 30 packages in 1m

7 packages are looking for funding
  run `npm fund` for details

found 0 vulnerabilities
Craco retry failed (exit 1).
Attempting fallback: react-app-rewired...
npm warn EBADENGINE Unsupported engine {
npm warn EBADENGINE   package: 'vaultbank@1.0.0',
npm warn EBADENGINE   required: { node: '24.x' },
npm warn EBADENGINE   current: { node: 'v22.14.0', npm: '10.9.2' }
npm warn EBADENGINE }

added 2 packages, and audited 32 packages in 2s

7 packages are looking for funding
  run `npm fund` for details

found 0 vulnerabilities
npm warn EBADENGINE Unsupported engine {
npm warn EBADENGINE   package: 'vaultbank@1.0.0',
npm warn EBADENGINE   required: { node: '24.x' },
npm warn EBADENGINE   current: { node: 'v22.14.0', npm: '10.9.2' }
npm warn EBADENGINE }

added 29 packages, and audited 30 packages in 56s

7 packages are looking for funding
  run `npm fund` for details

found 0 vulnerabilities
All automated attempts failed. Collecting artifacts...
Artifacts: ./ci-logs/artifacts-20260528T162751Z.tar.gz
FAIL_ABORT
